\BOOKMARK [0][-]{chapter.1}{\376\377\0001\000\040\000D\000a\000t\000a\000\040\000S\000t\000r\000u\000c\000t\000u\000r\000e\000\040\000I\000n\000d\000e\000x}{}% 1
\BOOKMARK [1][-]{section.1.1}{\376\377\0001\000.\0001\000\040\000D\000a\000t\000a\000\040\000S\000t\000r\000u\000c\000t\000u\000r\000e\000s}{chapter.1}% 2
\BOOKMARK [0][-]{chapter.2}{\376\377\0002\000\040\000F\000i\000l\000e\000\040\000I\000n\000d\000e\000x}{}% 3
\BOOKMARK [1][-]{section.2.1}{\376\377\0002\000.\0001\000\040\000F\000i\000l\000e\000\040\000L\000i\000s\000t}{chapter.2}% 4
\BOOKMARK [0][-]{chapter.3}{\376\377\0003\000\040\000D\000a\000t\000a\000\040\000S\000t\000r\000u\000c\000t\000u\000r\000e\000\040\000D\000o\000c\000u\000m\000e\000n\000t\000a\000t\000i\000o\000n}{}% 5
\BOOKMARK [1][-]{section.3.1}{\376\377\0003\000.\0001\000\040\000\137\000B\000n\000o\000D\000a\000t\000a\000\137\000t\000\040\000S\000t\000r\000u\000c\000t\000\040\000R\000e\000f\000e\000r\000e\000n\000c\000e}{chapter.3}% 6
\BOOKMARK [1][-]{section.3.2}{\376\377\0003\000.\0002\000\040\000\137\000i\000m\000u\000\137\000c\000m\000d\000\137\000t\000\040\000S\000t\000r\000u\000c\000t\000\040\000R\000e\000f\000e\000r\000e\000n\000c\000e}{chapter.3}% 7
\BOOKMARK [1][-]{section.3.3}{\376\377\0003\000.\0003\000\040\000\137\000i\000m\000u\000\137\000h\000o\000s\000t\000\137\000t\000\040\000S\000t\000r\000u\000c\000t\000\040\000R\000e\000f\000e\000r\000e\000n\000c\000e}{chapter.3}% 8
\BOOKMARK [1][-]{section.3.4}{\376\377\0003\000.\0004\000\040\000\137\000o\000p\000\137\000t\000\040\000S\000t\000r\000u\000c\000t\000\040\000R\000e\000f\000e\000r\000e\000n\000c\000e}{chapter.3}% 9
\BOOKMARK [1][-]{section.3.5}{\376\377\0003\000.\0005\000\040\000\137\000S\000P\000i\000d\000\040\000S\000t\000r\000u\000c\000t\000\040\000R\000e\000f\000e\000r\000e\000n\000c\000e}{chapter.3}% 10
\BOOKMARK [1][-]{section.3.6}{\376\377\0003\000.\0006\000\040\000\137\000s\000S\000e\000n\000s\000o\000r\000D\000a\000t\000a\000\137\000t\000\040\000S\000t\000r\000u\000c\000t\000\040\000R\000e\000f\000e\000r\000e\000n\000c\000e}{chapter.3}% 11
\BOOKMARK [2][-]{subsection.3.6.1}{\376\377\0003\000.\0006\000.\0001\000\040\000F\000i\000e\000l\000d\000\040\000D\000o\000c\000u\000m\000e\000n\000t\000a\000t\000i\000o\000n}{section.3.6}% 12
\BOOKMARK [3][-]{subsubsection.3.6.1.1}{\376\377\0003\000.\0006\000.\0001\000.\0001\000\040\000s\000e\000n\000s\000o\000r\000t\000i\000m\000e}{subsection.3.6.1}% 13
\BOOKMARK [3][-]{subsubsection.3.6.1.2}{\376\377\0003\000.\0006\000.\0001\000.\0002\000\040\000x}{subsection.3.6.1}% 14
\BOOKMARK [3][-]{subsubsection.3.6.1.3}{\376\377\0003\000.\0006\000.\0001\000.\0003\000\040\000x\000a}{subsection.3.6.1}% 15
\BOOKMARK [3][-]{subsubsection.3.6.1.4}{\376\377\0003\000.\0006\000.\0001\000.\0004\000\040\000y}{subsection.3.6.1}% 16
\BOOKMARK [3][-]{subsubsection.3.6.1.5}{\376\377\0003\000.\0006\000.\0001\000.\0005\000\040\000y\000a}{subsection.3.6.1}% 17
\BOOKMARK [3][-]{subsubsection.3.6.1.6}{\376\377\0003\000.\0006\000.\0001\000.\0006\000\040\000z}{subsection.3.6.1}% 18
\BOOKMARK [3][-]{subsubsection.3.6.1.7}{\376\377\0003\000.\0006\000.\0001\000.\0007\000\040\000z\000a}{subsection.3.6.1}% 19
\BOOKMARK [1][-]{section.3.7}{\376\377\0003\000.\0007\000\040\000\137\000S\000Y\000S\000\137\000R\000T\000C\000C\000\137\000O\000B\000J\000\137\000S\000T\000R\000U\000C\000T\000\040\000S\000t\000r\000u\000c\000t\000\040\000R\000e\000f\000e\000r\000e\000n\000c\000e}{chapter.3}% 20
\BOOKMARK [1][-]{section.3.8}{\376\377\0003\000.\0008\000\040\000\137\000t\000\137\000c\000l\000i\000\137\000c\000t\000x\000\040\000S\000t\000r\000u\000c\000t\000\040\000R\000e\000f\000e\000r\000e\000n\000c\000e}{chapter.3}% 21
\BOOKMARK [1][-]{section.3.9}{\376\377\0003\000.\0009\000\040\000\137\000t\000\137\000c\000m\000d\000\040\000S\000t\000r\000u\000c\000t\000\040\000R\000e\000f\000e\000r\000e\000n\000c\000e}{chapter.3}% 22
\BOOKMARK [1][-]{section.3.10}{\376\377\0003\000.\0001\0000\000\040\000A\000D\000C\000H\000S\000\137\000C\000A\000L\000L\000B\000A\000C\000K\000\137\000O\000B\000J\000E\000C\000T\000\040\000S\000t\000r\000u\000c\000t\000\040\000R\000e\000f\000e\000r\000e\000n\000c\000e}{chapter.3}% 23
\BOOKMARK [1][-]{section.3.11}{\376\377\0003\000.\0001\0001\000\040\000A\000D\000C\000H\000S\000\137\000E\000O\000S\000\137\000C\000A\000L\000L\000B\000A\000C\000K\000\137\000O\000B\000J\000E\000C\000T\000\040\000S\000t\000r\000u\000c\000t\000\040\000R\000e\000f\000e\000r\000e\000n\000c\000e}{chapter.3}% 24
\BOOKMARK [1][-]{section.3.12}{\376\377\0003\000.\0001\0002\000\040\000B\000\137\000t\000y\000p\000e\000\040\000S\000t\000r\000u\000c\000t\000\040\000R\000e\000f\000e\000r\000e\000n\000c\000e}{chapter.3}% 25
\BOOKMARK [1][-]{section.3.13}{\376\377\0003\000.\0001\0003\000\040\000C\000A\000N\000F\000D\000\137\000C\000A\000L\000L\000B\000A\000C\000K\000\137\000O\000B\000J\000\040\000S\000t\000r\000u\000c\000t\000\040\000R\000e\000f\000e\000r\000e\000n\000c\000e}{chapter.3}% 26
\BOOKMARK [1][-]{section.3.14}{\376\377\0003\000.\0001\0004\000\040\000C\000A\000N\000F\000D\000\137\000O\000B\000J\000\040\000S\000t\000r\000u\000c\000t\000\040\000R\000e\000f\000e\000r\000e\000n\000c\000e}{chapter.3}% 27
\BOOKMARK [1][-]{section.3.15}{\376\377\0003\000.\0001\0005\000\040\000C\000A\000N\000F\000D\000\137\000R\000X\000\137\000M\000S\000G\000\040\000S\000t\000r\000u\000c\000t\000\040\000R\000e\000f\000e\000r\000e\000n\000c\000e}{chapter.3}% 28
\BOOKMARK [1][-]{section.3.16}{\376\377\0003\000.\0001\0006\000\040\000C\000A\000N\000F\000D\000\137\000R\000X\000\137\000M\000S\000G\000\137\000O\000B\000J\000E\000C\000T\000\040\000S\000t\000r\000u\000c\000t\000\040\000R\000e\000f\000e\000r\000e\000n\000c\000e}{chapter.3}% 29
\BOOKMARK [1][-]{section.3.17}{\376\377\0003\000.\0001\0007\000\040\000C\000A\000N\000F\000D\000\137\000T\000X\000\137\000E\000V\000E\000N\000T\000\137\000F\000I\000F\000O\000\137\000E\000L\000E\000M\000E\000N\000T\000\040\000S\000t\000r\000u\000c\000t\000\040\000R\000e\000f\000e\000r\000e\000n\000c\000e}{chapter.3}% 30
\BOOKMARK [1][-]{section.3.18}{\376\377\0003\000.\0001\0008\000\040\000C\000A\000N\000F\000D\000\137\000T\000X\000\137\000M\000S\000G\000\137\000O\000B\000J\000E\000C\000T\000\040\000S\000t\000r\000u\000c\000t\000\040\000R\000e\000f\000e\000r\000e\000n\000c\000e}{chapter.3}% 31
\BOOKMARK [1][-]{section.3.19}{\376\377\0003\000.\0001\0009\000\040\000C\000O\000R\000E\000T\000I\000M\000E\000R\000\137\000O\000B\000J\000E\000C\000T\000\040\000S\000t\000r\000u\000c\000t\000\040\000R\000e\000f\000e\000r\000e\000n\000c\000e}{chapter.3}% 32
\BOOKMARK [1][-]{section.3.20}{\376\377\0003\000.\0002\0000\000\040\000D\000M\000A\000C\000\137\000C\000H\000A\000N\000N\000E\000L\000\137\000O\000B\000J\000E\000C\000T\000\040\000S\000t\000r\000u\000c\000t\000\040\000R\000e\000f\000e\000r\000e\000n\000c\000e}{chapter.3}% 33
\BOOKMARK [1][-]{section.3.21}{\376\377\0003\000.\0002\0001\000\040\000D\000M\000A\000C\000\137\000C\000R\000C\000\137\000S\000E\000T\000U\000P\000\040\000S\000t\000r\000u\000c\000t\000\040\000R\000e\000f\000e\000r\000e\000n\000c\000e}{chapter.3}% 34
\BOOKMARK [1][-]{section.3.22}{\376\377\0003\000.\0002\0002\000\040\000E\000X\000T\000\137\000I\000N\000T\000\137\000P\000I\000N\000\137\000C\000A\000L\000L\000B\000A\000C\000K\000\137\000O\000B\000J\000\040\000S\000t\000r\000u\000c\000t\000\040\000R\000e\000f\000e\000r\000e\000n\000c\000e}{chapter.3}% 35
\BOOKMARK [1][-]{section.3.23}{\376\377\0003\000.\0002\0003\000\040\000G\000P\000I\000O\000\137\000P\000I\000N\000\137\000C\000A\000L\000L\000B\000A\000C\000K\000\137\000O\000B\000J\000\040\000S\000t\000r\000u\000c\000t\000\040\000R\000e\000f\000e\000r\000e\000n\000c\000e}{chapter.3}% 36
\BOOKMARK [1][-]{section.3.24}{\376\377\0003\000.\0002\0004\000\040\000H\000\137\000t\000y\000p\000e\000\040\000S\000t\000r\000u\000c\000t\000\040\000R\000e\000f\000e\000r\000e\000n\000c\000e}{chapter.3}% 37
\BOOKMARK [1][-]{section.3.25}{\376\377\0003\000.\0002\0005\000\040\000M\000C\000P\000W\000M\000\137\000C\000H\000\137\000O\000B\000J\000E\000C\000T\000\040\000S\000t\000r\000u\000c\000t\000\040\000R\000e\000f\000e\000r\000e\000n\000c\000e}{chapter.3}% 38
\BOOKMARK [1][-]{section.3.26}{\376\377\0003\000.\0002\0006\000\040\000M\000C\000P\000W\000M\000\137\000O\000B\000J\000E\000C\000T\000\040\000S\000t\000r\000u\000c\000t\000\040\000R\000e\000f\000e\000r\000e\000n\000c\000e}{chapter.3}% 39
\BOOKMARK [1][-]{section.3.27}{\376\377\0003\000.\0002\0007\000\040\000Q\000E\000I\000\137\000C\000H\000\137\000O\000B\000J\000E\000C\000T\000\040\000S\000t\000r\000u\000c\000t\000\040\000R\000e\000f\000e\000r\000e\000n\000c\000e}{chapter.3}% 40
\BOOKMARK [1][-]{section.3.28}{\376\377\0003\000.\0002\0008\000\040\000Q\000u\000a\000t\000e\000r\000n\000i\000o\000n\000\040\000S\000t\000r\000u\000c\000t\000\040\000R\000e\000f\000e\000r\000e\000n\000c\000e}{chapter.3}% 41
\BOOKMARK [2][-]{subsection.3.28.1}{\376\377\0003\000.\0002\0008\000.\0001\000\040\000D\000e\000t\000a\000i\000l\000e\000d\000\040\000D\000e\000s\000c\000r\000i\000p\000t\000i\000o\000n}{section.3.28}% 42
\BOOKMARK [2][-]{subsection.3.28.2}{\376\377\0003\000.\0002\0008\000.\0002\000\040\000F\000i\000e\000l\000d\000\040\000D\000o\000c\000u\000m\000e\000n\000t\000a\000t\000i\000o\000n}{section.3.28}% 43
\BOOKMARK [3][-]{subsubsection.3.28.2.1}{\376\377\0003\000.\0002\0008\000.\0002\000.\0001\000\040\000v}{subsection.3.28.2}% 44
\BOOKMARK [3][-]{subsubsection.3.28.2.2}{\376\377\0003\000.\0002\0008\000.\0002\000.\0002\000\040\000w}{subsection.3.28.2}% 45
\BOOKMARK [1][-]{section.3.29}{\376\377\0003\000.\0002\0009\000\040\000s\000c\000a\0003\0003\0000\0000\000\137\000d\000a\000t\000a\000\040\000S\000t\000r\000u\000c\000t\000\040\000R\000e\000f\000e\000r\000e\000n\000c\000e}{chapter.3}% 46
\BOOKMARK [1][-]{section.3.30}{\376\377\0003\000.\0003\0000\000\040\000s\000F\000F\000T\000D\000a\000t\000a\000\137\000t\000\040\000S\000t\000r\000u\000c\000t\000\040\000R\000e\000f\000e\000r\000e\000n\000c\000e}{chapter.3}% 47
\BOOKMARK [1][-]{section.3.31}{\376\377\0003\000.\0003\0001\000\040\000s\000h\0002\000\137\000A\000c\000c\000e\000l\000e\000r\000o\000m\000e\000t\000e\000r\000\040\000S\000t\000r\000u\000c\000t\000\040\000R\000e\000f\000e\000r\000e\000n\000c\000e}{chapter.3}% 48
\BOOKMARK [2][-]{subsection.3.31.1}{\376\377\0003\000.\0003\0001\000.\0001\000\040\000D\000e\000t\000a\000i\000l\000e\000d\000\040\000D\000e\000s\000c\000r\000i\000p\000t\000i\000o\000n}{section.3.31}% 49
\BOOKMARK [1][-]{section.3.32}{\376\377\0003\000.\0003\0002\000\040\000s\000h\0002\000\137\000A\000s\000y\000n\000c\000E\000v\000e\000n\000t\000\040\000S\000t\000r\000u\000c\000t\000\040\000R\000e\000f\000e\000r\000e\000n\000c\000e}{chapter.3}% 50
\BOOKMARK [1][-]{section.3.33}{\376\377\0003\000.\0003\0003\000\040\000s\000h\0002\000\137\000C\000o\000u\000n\000t\000s\000\040\000S\000t\000r\000u\000c\000t\000\040\000R\000e\000f\000e\000r\000e\000n\000c\000e}{chapter.3}% 51
\BOOKMARK [2][-]{subsection.3.33.1}{\376\377\0003\000.\0003\0003\000.\0001\000\040\000D\000e\000t\000a\000i\000l\000e\000d\000\040\000D\000e\000s\000c\000r\000i\000p\000t\000i\000o\000n}{section.3.33}% 52
\BOOKMARK [1][-]{section.3.34}{\376\377\0003\000.\0003\0004\000\040\000s\000h\0002\000\137\000E\000r\000r\000o\000r\000R\000e\000c\000o\000r\000d\000\040\000S\000t\000r\000u\000c\000t\000\040\000R\000e\000f\000e\000r\000e\000n\000c\000e}{chapter.3}% 53
\BOOKMARK [2][-]{subsection.3.34.1}{\376\377\0003\000.\0003\0004\000.\0001\000\040\000D\000e\000t\000a\000i\000l\000e\000d\000\040\000D\000e\000s\000c\000r\000i\000p\000t\000i\000o\000n}{section.3.34}% 54
\BOOKMARK [1][-]{section.3.35}{\376\377\0003\000.\0003\0005\000\040\000s\000h\0002\000\137\000G\000y\000r\000o\000s\000c\000o\000p\000e\000\040\000S\000t\000r\000u\000c\000t\000\040\000R\000e\000f\000e\000r\000e\000n\000c\000e}{chapter.3}% 55
\BOOKMARK [2][-]{subsection.3.35.1}{\376\377\0003\000.\0003\0005\000.\0001\000\040\000D\000e\000t\000a\000i\000l\000e\000d\000\040\000D\000e\000s\000c\000r\000i\000p\000t\000i\000o\000n}{section.3.35}% 56
\BOOKMARK [1][-]{section.3.36}{\376\377\0003\000.\0003\0006\000\040\000s\000h\0002\000\137\000G\000y\000r\000o\000s\000c\000o\000p\000e\000U\000n\000c\000a\000l\000i\000b\000r\000a\000t\000e\000d\000\040\000S\000t\000r\000u\000c\000t\000\040\000R\000e\000f\000e\000r\000e\000n\000c\000e}{chapter.3}% 57
\BOOKMARK [2][-]{subsection.3.36.1}{\376\377\0003\000.\0003\0006\000.\0001\000\040\000D\000e\000t\000a\000i\000l\000e\000d\000\040\000D\000e\000s\000c\000r\000i\000p\000t\000i\000o\000n}{section.3.36}% 58
\BOOKMARK [1][-]{section.3.37}{\376\377\0003\000.\0003\0007\000\040\000s\000h\0002\000\137\000M\000a\000g\000n\000e\000t\000i\000c\000F\000i\000e\000l\000d\000\040\000S\000t\000r\000u\000c\000t\000\040\000R\000e\000f\000e\000r\000e\000n\000c\000e}{chapter.3}% 59
\BOOKMARK [2][-]{subsection.3.37.1}{\376\377\0003\000.\0003\0007\000.\0001\000\040\000D\000e\000t\000a\000i\000l\000e\000d\000\040\000D\000e\000s\000c\000r\000i\000p\000t\000i\000o\000n}{section.3.37}% 60
\BOOKMARK [1][-]{section.3.38}{\376\377\0003\000.\0003\0008\000\040\000s\000h\0002\000\137\000M\000a\000g\000n\000e\000t\000i\000c\000F\000i\000e\000l\000d\000U\000n\000c\000a\000l\000i\000b\000r\000a\000t\000e\000d\000\040\000S\000t\000r\000u\000c\000t\000\040\000R\000e\000f\000e\000r\000e\000n\000c\000e}{chapter.3}% 61
\BOOKMARK [2][-]{subsection.3.38.1}{\376\377\0003\000.\0003\0008\000.\0001\000\040\000D\000e\000t\000a\000i\000l\000e\000d\000\040\000D\000e\000s\000c\000r\000i\000p\000t\000i\000o\000n}{section.3.38}% 62
\BOOKMARK [1][-]{section.3.39}{\376\377\0003\000.\0003\0009\000\040\000s\000h\0002\000\137\000P\000r\000o\000d\000u\000c\000t\000I\000d\000\137\000s\000\040\000S\000t\000r\000u\000c\000t\000\040\000R\000e\000f\000e\000r\000e\000n\000c\000e}{chapter.3}% 63
\BOOKMARK [2][-]{subsection.3.39.1}{\376\377\0003\000.\0003\0009\000.\0001\000\040\000D\000e\000t\000a\000i\000l\000e\000d\000\040\000D\000e\000s\000c\000r\000i\000p\000t\000i\000o\000n}{section.3.39}% 64
\BOOKMARK [1][-]{section.3.40}{\376\377\0003\000.\0004\0000\000\040\000s\000h\0002\000\137\000P\000r\000o\000d\000u\000c\000t\000I\000d\000s\000\137\000s\000\040\000S\000t\000r\000u\000c\000t\000\040\000R\000e\000f\000e\000r\000e\000n\000c\000e}{chapter.3}% 65
\BOOKMARK [1][-]{section.3.41}{\376\377\0003\000.\0004\0001\000\040\000s\000h\0002\000\137\000Q\000u\000a\000t\000e\000r\000n\000i\000o\000n\000\040\000S\000t\000r\000u\000c\000t\000\040\000R\000e\000f\000e\000r\000e\000n\000c\000e}{chapter.3}% 66
\BOOKMARK [2][-]{subsection.3.41.1}{\376\377\0003\000.\0004\0001\000.\0001\000\040\000D\000e\000t\000a\000i\000l\000e\000d\000\040\000D\000e\000s\000c\000r\000i\000p\000t\000i\000o\000n}{section.3.41}% 67
\BOOKMARK [1][-]{section.3.42}{\376\377\0003\000.\0004\0002\000\040\000s\000h\0002\000\137\000R\000a\000w\000A\000c\000c\000e\000l\000e\000r\000o\000m\000e\000t\000e\000r\000\040\000S\000t\000r\000u\000c\000t\000\040\000R\000e\000f\000e\000r\000e\000n\000c\000e}{chapter.3}% 68
\BOOKMARK [2][-]{subsection.3.42.1}{\376\377\0003\000.\0004\0002\000.\0001\000\040\000D\000e\000t\000a\000i\000l\000e\000d\000\040\000D\000e\000s\000c\000r\000i\000p\000t\000i\000o\000n}{section.3.42}% 69
\BOOKMARK [1][-]{section.3.43}{\376\377\0003\000.\0004\0003\000\040\000s\000h\0002\000\137\000R\000a\000w\000G\000y\000r\000o\000s\000c\000o\000p\000e\000\040\000S\000t\000r\000u\000c\000t\000\040\000R\000e\000f\000e\000r\000e\000n\000c\000e}{chapter.3}% 70
\BOOKMARK [2][-]{subsection.3.43.1}{\376\377\0003\000.\0004\0003\000.\0001\000\040\000D\000e\000t\000a\000i\000l\000e\000d\000\040\000D\000e\000s\000c\000r\000i\000p\000t\000i\000o\000n}{section.3.43}% 71
\BOOKMARK [1][-]{section.3.44}{\376\377\0003\000.\0004\0004\000\040\000s\000h\0002\000\137\000R\000a\000w\000M\000a\000g\000n\000e\000t\000o\000m\000e\000t\000e\000r\000\040\000S\000t\000r\000u\000c\000t\000\040\000R\000e\000f\000e\000r\000e\000n\000c\000e}{chapter.3}% 72
\BOOKMARK [2][-]{subsection.3.44.1}{\376\377\0003\000.\0004\0004\000.\0001\000\040\000D\000e\000t\000a\000i\000l\000e\000d\000\040\000D\000e\000s\000c\000r\000i\000p\000t\000i\000o\000n}{section.3.44}% 73
\BOOKMARK [1][-]{section.3.45}{\376\377\0003\000.\0004\0005\000\040\000s\000h\0002\000\137\000R\000o\000t\000a\000t\000i\000o\000n\000V\000e\000c\000t\000o\000r\000\040\000S\000t\000r\000u\000c\000t\000\040\000R\000e\000f\000e\000r\000e\000n\000c\000e}{chapter.3}% 74
\BOOKMARK [2][-]{subsection.3.45.1}{\376\377\0003\000.\0004\0005\000.\0001\000\040\000D\000e\000t\000a\000i\000l\000e\000d\000\040\000D\000e\000s\000c\000r\000i\000p\000t\000i\000o\000n}{section.3.45}% 75
\BOOKMARK [1][-]{section.3.46}{\376\377\0003\000.\0004\0006\000\040\000s\000h\0002\000\137\000R\000o\000t\000a\000t\000i\000o\000n\000V\000e\000c\000t\000o\000r\000W\000A\000c\000c\000\040\000S\000t\000r\000u\000c\000t\000\040\000R\000e\000f\000e\000r\000e\000n\000c\000e}{chapter.3}% 76
\BOOKMARK [2][-]{subsection.3.46.1}{\376\377\0003\000.\0004\0006\000.\0001\000\040\000D\000e\000t\000a\000i\000l\000e\000d\000\040\000D\000e\000s\000c\000r\000i\000p\000t\000i\000o\000n}{section.3.46}% 77
\BOOKMARK [1][-]{section.3.47}{\376\377\0003\000.\0004\0007\000\040\000s\000h\0002\000\137\000S\000e\000n\000s\000o\000r\000C\000o\000n\000f\000i\000g\000\040\000S\000t\000r\000u\000c\000t\000\040\000R\000e\000f\000e\000r\000e\000n\000c\000e}{chapter.3}% 78
\BOOKMARK [2][-]{subsection.3.47.1}{\376\377\0003\000.\0004\0007\000.\0001\000\040\000D\000e\000t\000a\000i\000l\000e\000d\000\040\000D\000e\000s\000c\000r\000i\000p\000t\000i\000o\000n}{section.3.47}% 79
\BOOKMARK [1][-]{section.3.48}{\376\377\0003\000.\0004\0008\000\040\000s\000h\0002\000\137\000S\000e\000n\000s\000o\000r\000C\000o\000n\000f\000i\000g\000R\000e\000s\000p\000\137\000e\000\040\000S\000t\000r\000u\000c\000t\000\040\000R\000e\000f\000e\000r\000e\000n\000c\000e}{chapter.3}% 80
\BOOKMARK [1][-]{section.3.49}{\376\377\0003\000.\0004\0009\000\040\000s\000h\0002\000\137\000S\000e\000n\000s\000o\000r\000E\000v\000e\000n\000t\000\040\000S\000t\000r\000u\000c\000t\000\040\000R\000e\000f\000e\000r\000e\000n\000c\000e}{chapter.3}% 81
\BOOKMARK [1][-]{section.3.50}{\376\377\0003\000.\0005\0000\000\040\000s\000h\0002\000\137\000S\000e\000n\000s\000o\000r\000M\000e\000t\000a\000d\000a\000t\000a\000\040\000S\000t\000r\000u\000c\000t\000\040\000R\000e\000f\000e\000r\000e\000n\000c\000e}{chapter.3}% 82
\BOOKMARK [2][-]{subsection.3.50.1}{\376\377\0003\000.\0005\0000\000.\0001\000\040\000D\000e\000t\000a\000i\000l\000e\000d\000\040\000D\000e\000s\000c\000r\000i\000p\000t\000i\000o\000n}{section.3.50}% 83
\BOOKMARK [1][-]{section.3.51}{\376\377\0003\000.\0005\0001\000\040\000S\000P\000I\000\137\000O\000B\000J\000E\000C\000T\000\040\000S\000t\000r\000u\000c\000t\000\040\000R\000e\000f\000e\000r\000e\000n\000c\000e}{chapter.3}% 84
\BOOKMARK [1][-]{section.3.52}{\376\377\0003\000.\0005\0002\000\040\000S\000P\000I\000\137\000T\000R\000A\000N\000S\000F\000E\000R\000\137\000S\000E\000T\000U\000P\000\040\000S\000t\000r\000u\000c\000t\000\040\000R\000e\000f\000e\000r\000e\000n\000c\000e}{chapter.3}% 85
\BOOKMARK [1][-]{section.3.53}{\376\377\0003\000.\0005\0003\000\040\000T\000M\000R\000\137\000T\000I\000M\000E\000R\000\137\000O\000B\000J\000E\000C\000T\000\040\000S\000t\000r\000u\000c\000t\000\040\000R\000e\000f\000e\000r\000e\000n\000c\000e}{chapter.3}% 86
\BOOKMARK [1][-]{section.3.54}{\376\377\0003\000.\0005\0004\000\040\000U\000A\000R\000T\000\137\000O\000B\000J\000E\000C\000T\000\040\000S\000t\000r\000u\000c\000t\000\040\000R\000e\000f\000e\000r\000e\000n\000c\000e}{chapter.3}% 87
\BOOKMARK [1][-]{section.3.55}{\376\377\0003\000.\0005\0005\000\040\000U\000A\000R\000T\000\137\000R\000I\000N\000G\000\137\000B\000U\000F\000F\000E\000R\000\137\000O\000B\000J\000E\000C\000T\000\040\000S\000t\000r\000u\000c\000t\000\040\000R\000e\000f\000e\000r\000e\000n\000c\000e}{chapter.3}% 88
\BOOKMARK [1][-]{section.3.56}{\376\377\0003\000.\0005\0006\000\040\000U\000A\000R\000T\000\137\000S\000E\000R\000I\000A\000L\000\137\000S\000E\000T\000U\000P\000\040\000S\000t\000r\000u\000c\000t\000\040\000R\000e\000f\000e\000r\000e\000n\000c\000e}{chapter.3}% 89
\BOOKMARK [0][-]{chapter.4}{\376\377\0004\000\040\000F\000i\000l\000e\000\040\000D\000o\000c\000u\000m\000e\000n\000t\000a\000t\000i\000o\000n}{}% 90
\BOOKMARK [1][-]{section.4.1}{\376\377\0004\000.\0001\000\040\000d\000i\000s\000p\000l\000a\000y\000\137\000t\000y\000p\000e\000.\000h}{chapter.4}% 91
\BOOKMARK [1][-]{section.4.2}{\376\377\0004\000.\0002\000\040\000d\000o\000g\000m\000-\000g\000r\000a\000p\000h\000i\000c\000.\000h}{chapter.4}% 92
\BOOKMARK [1][-]{section.4.3}{\376\377\0004\000.\0003\000\040\000e\000a\000d\000o\000g\000.\000h}{chapter.4}% 93
\BOOKMARK [1][-]{section.4.4}{\376\377\0004\000.\0004\000\040\000l\000c\000d\000\137\000d\000r\000v\000.\000h}{chapter.4}% 94
\BOOKMARK [1][-]{section.4.5}{\376\377\0004\000.\0005\000\040\000O\000l\000e\000d\000C\000h\000a\000r\000.\000h}{chapter.4}% 95
\BOOKMARK [1][-]{section.4.6}{\376\377\0004\000.\0006\000\040\000O\000l\000e\000d\000D\000r\000i\000v\000e\000r\000.\000h}{chapter.4}% 96
\BOOKMARK [1][-]{section.4.7}{\376\377\0004\000.\0007\000\040\000O\000l\000e\000d\000G\000r\000p\000h\000.\000h}{chapter.4}% 97
\BOOKMARK [1][-]{section.4.8}{\376\377\0004\000.\0008\000\040\000b\000m\000a\0004\0009\0000\000l\000.\000h}{chapter.4}% 98
\BOOKMARK [1][-]{section.4.9}{\376\377\0004\000.\0009\000\040\000b\000m\000a\0004\0009\0000\000l\000\137\000r\000e\000g\000.\000h}{chapter.4}% 99
\BOOKMARK [1][-]{section.4.10}{\376\377\0004\000.\0001\0000\000\040\000b\000n\000o\0000\0008\0006\000.\000h}{chapter.4}% 100
\BOOKMARK [1][-]{section.4.11}{\376\377\0004\000.\0001\0001\000\040\000b\000n\000o\0000\0008\0006\000\137\000r\000e\000g\000.\000h}{chapter.4}% 101
\BOOKMARK [1][-]{section.4.12}{\376\377\0004\000.\0001\0002\000\040\000b\000u\000z\000z\000e\000r\000.\000h}{chapter.4}% 102
\BOOKMARK [1][-]{section.4.13}{\376\377\0004\000.\0001\0003\000\040\000c\000a\000n\000f\000d\000.\000h}{chapter.4}% 103
\BOOKMARK [1][-]{section.4.14}{\376\377\0004\000.\0001\0004\000\040\000c\000m\000d\000\137\000s\000c\000a\000n\000n\000e\000r\000.\000h}{chapter.4}% 104
\BOOKMARK [1][-]{section.4.15}{\376\377\0004\000.\0001\0005\000\040\000d\000e\000f\000i\000n\000i\000t\000i\000o\000n\000s\000.\000h}{chapter.4}% 105
\BOOKMARK [1][-]{section.4.16}{\376\377\0004\000.\0001\0006\000\040\000d\000e\000v\000i\000c\000e\000.\000h}{chapter.4}% 106
\BOOKMARK [1][-]{section.4.17}{\376\377\0004\000.\0001\0007\000\040\000i\000n\000t\000e\000r\000r\000u\000p\000t\000s\000.\000h}{chapter.4}% 107
\BOOKMARK [1][-]{section.4.18}{\376\377\0004\000.\0001\0008\000\040\000p\000l\000i\000b\000\137\000a\000d\000c\000h\000s\000.\000h}{chapter.4}% 108
\BOOKMARK [1][-]{section.4.19}{\376\377\0004\000.\0001\0009\000\040\000p\000l\000i\000b\000\137\000a\000d\000c\000h\000s\000\137\000c\000o\000m\000m\000o\000n\000.\000h}{chapter.4}% 109
\BOOKMARK [1][-]{section.4.20}{\376\377\0004\000.\0002\0000\000\040\000p\000l\000i\000b\000\137\000c\000a\000n\000f\000d\0001\000.\000h}{chapter.4}% 110
\BOOKMARK [1][-]{section.4.21}{\376\377\0004\000.\0002\0001\000\040\000p\000l\000i\000b\000\137\000c\000a\000n\000f\000d\000\137\000c\000o\000m\000m\000o\000n\000.\000h}{chapter.4}% 111
\BOOKMARK [1][-]{section.4.22}{\376\377\0004\000.\0002\0002\000\040\000p\000l\000i\000b\000\137\000c\000l\000k\000.\000h}{chapter.4}% 112
\BOOKMARK [1][-]{section.4.23}{\376\377\0004\000.\0002\0003\000\040\000p\000l\000i\000b\000\137\000c\000o\000r\000e\000t\000i\000m\000e\000r\000.\000h}{chapter.4}% 113
\BOOKMARK [1][-]{section.4.24}{\376\377\0004\000.\0002\0004\000\040\000p\000l\000i\000b\000\137\000d\000m\000a\000c\000.\000h}{chapter.4}% 114
\BOOKMARK [1][-]{section.4.25}{\376\377\0004\000.\0002\0005\000\040\000p\000l\000i\000b\000\137\000e\000v\000i\000c\000.\000h}{chapter.4}% 115
\BOOKMARK [1][-]{section.4.26}{\376\377\0004\000.\0002\0006\000\040\000p\000l\000i\000b\000\137\000g\000p\000i\000o\000.\000h}{chapter.4}% 116
\BOOKMARK [1][-]{section.4.27}{\376\377\0004\000.\0002\0007\000\040\000p\000l\000i\000b\000\137\000m\000c\000p\000w\000m\000.\000h}{chapter.4}% 117
\BOOKMARK [1][-]{section.4.28}{\376\377\0004\000.\0002\0008\000\040\000p\000l\000i\000b\000\137\000m\000c\000p\000w\000m\000\137\000c\000o\000m\000m\000o\000n\000.\000h}{chapter.4}% 118
\BOOKMARK [1][-]{section.4.29}{\376\377\0004\000.\0002\0009\000\040\000p\000l\000i\000b\000\137\000q\000e\000i\0002\000.\000h}{chapter.4}% 119
\BOOKMARK [1][-]{section.4.30}{\376\377\0004\000.\0003\0000\000\040\000p\000l\000i\000b\000\137\000q\000e\000i\000\137\000c\000o\000m\000m\000o\000n\000.\000h}{chapter.4}% 120
\BOOKMARK [1][-]{section.4.31}{\376\377\0004\000.\0003\0001\000\040\000p\000l\000i\000b\000\137\000r\000t\000c\000c\000.\000h}{chapter.4}% 121
\BOOKMARK [1][-]{section.4.32}{\376\377\0004\000.\0003\0002\000\040\000p\000l\000i\000b\000\137\000s\000p\000i\0001\000\137\000m\000a\000s\000t\000e\000r\000.\000h}{chapter.4}% 122
\BOOKMARK [1][-]{section.4.33}{\376\377\0004\000.\0003\0003\000\040\000p\000l\000i\000b\000\137\000s\000p\000i\0002\000\137\000m\000a\000s\000t\000e\000r\000.\000h}{chapter.4}% 123
\BOOKMARK [1][-]{section.4.34}{\376\377\0004\000.\0003\0004\000\040\000p\000l\000i\000b\000\137\000s\000p\000i\000\137\000m\000a\000s\000t\000e\000r\000\137\000c\000o\000m\000m\000o\000n\000.\000h}{chapter.4}% 124
\BOOKMARK [1][-]{section.4.35}{\376\377\0004\000.\0003\0005\000\040\000p\000l\000i\000b\000\137\000t\000m\000r\0002\000.\000h}{chapter.4}% 125
\BOOKMARK [1][-]{section.4.36}{\376\377\0004\000.\0003\0006\000\040\000p\000l\000i\000b\000\137\000t\000m\000r\0003\000.\000h}{chapter.4}% 126
\BOOKMARK [1][-]{section.4.37}{\376\377\0004\000.\0003\0007\000\040\000p\000l\000i\000b\000\137\000t\000m\000r\0004\000.\000h}{chapter.4}% 127
\BOOKMARK [1][-]{section.4.38}{\376\377\0004\000.\0003\0008\000\040\000p\000l\000i\000b\000\137\000t\000m\000r\0005\000.\000h}{chapter.4}% 128
\BOOKMARK [1][-]{section.4.39}{\376\377\0004\000.\0003\0009\000\040\000p\000l\000i\000b\000\137\000t\000m\000r\0006\000.\000h}{chapter.4}% 129
\BOOKMARK [1][-]{section.4.40}{\376\377\0004\000.\0004\0000\000\040\000p\000l\000i\000b\000\137\000t\000m\000r\0009\000.\000h}{chapter.4}% 130
\BOOKMARK [1][-]{section.4.41}{\376\377\0004\000.\0004\0001\000\040\000p\000l\000i\000b\000\137\000t\000m\000r\000\137\000c\000o\000m\000m\000o\000n\000.\000h}{chapter.4}% 131
\BOOKMARK [1][-]{section.4.42}{\376\377\0004\000.\0004\0002\000\040\000p\000l\000i\000b\000\137\000u\000a\000r\000t\0001\000.\000h}{chapter.4}% 132
\BOOKMARK [1][-]{section.4.43}{\376\377\0004\000.\0004\0003\000\040\000p\000l\000i\000b\000\137\000u\000a\000r\000t\0002\000.\000h}{chapter.4}% 133
\BOOKMARK [1][-]{section.4.44}{\376\377\0004\000.\0004\0004\000\040\000p\000l\000i\000b\000\137\000u\000a\000r\000t\000\137\000c\000o\000m\000m\000o\000n\000.\000h}{chapter.4}% 134
\BOOKMARK [1][-]{section.4.45}{\376\377\0004\000.\0004\0005\000\040\000t\000o\000o\000l\000c\000h\000a\000i\000n\000\137\000s\000p\000e\000c\000i\000f\000i\000c\000s\000.\000h}{chapter.4}% 135
\BOOKMARK [1][-]{section.4.46}{\376\377\0004\000.\0004\0006\000\040\000d\000o\000\137\000f\000f\000t\000.\000h}{chapter.4}% 136
\BOOKMARK [1][-]{section.4.47}{\376\377\0004\000.\0004\0007\000\040\000f\000f\000t\000.\000h}{chapter.4}% 137
\BOOKMARK [1][-]{section.4.48}{\376\377\0004\000.\0004\0008\000\040\000g\000f\000x\000.\000h}{chapter.4}% 138
\BOOKMARK [1][-]{section.4.49}{\376\377\0004\000.\0004\0009\000\040\000h\000i\000d\000.\000h}{chapter.4}% 139
\BOOKMARK [1][-]{section.4.50}{\376\377\0004\000.\0005\0000\000\040\000h\000o\000s\000t\000.\000h}{chapter.4}% 140
\BOOKMARK [1][-]{section.4.51}{\376\377\0004\000.\0005\0001\000\040\000i\000m\000u\000.\000h}{chapter.4}% 141
\BOOKMARK [1][-]{section.4.52}{\376\377\0004\000.\0005\0002\000\040\000i\000m\000u\000p\000i\000c\0003\0002\000m\000c\000j\000.\000h}{chapter.4}% 142
\BOOKMARK [1][-]{section.4.53}{\376\377\0004\000.\0005\0003\000\040\000p\000i\000d\000.\000h}{chapter.4}% 143
\BOOKMARK [1][-]{section.4.54}{\376\377\0004\000.\0005\0004\000\040\000q\000u\000a\000t\000.\000h}{chapter.4}% 144
\BOOKMARK [1][-]{section.4.55}{\376\377\0004\000.\0005\0005\000\040\000r\000e\000m\000o\000t\000e\000\137\000c\000m\000d\000.\000h}{chapter.4}% 145
\BOOKMARK [1][-]{section.4.56}{\376\377\0004\000.\0005\0006\000\040\000s\000c\000a\0003\0003\0000\0000\000.\000h}{chapter.4}% 146
\BOOKMARK [1][-]{section.4.57}{\376\377\0004\000.\0005\0007\000\040\000t\000i\000m\000e\000r\000s\000.\000h}{chapter.4}% 147
\BOOKMARK [0][-]{section*.64}{\376\377\000I\000n\000d\000e\000x}{}% 148
